2026-08-05 23:33:09  INFO      [ml.model_loader]  Creating ModelLoader singleton …
2026-08-05 23:33:09  INFO      [ml.model_loader]  =======================================================
2026-08-05 23:33:09  INFO      [ml.model_loader]  ModelLoader: loading artifacts …
2026-08-05 23:33:10  INFO      [ml.model_loader]    Loaded model       ← password_strength_model.pkl  (RandomForestClassifier)
2026-08-05 23:33:10  INFO      [ml.model_loader]    Loaded encoder     ← label_encoder.pkl  (LabelEncoder)
2026-08-05 23:33:10  INFO      [ml.model_loader]    Loaded columns     ← feature_columns.pkl  (feature column list)
2026-08-05 23:33:11  INFO      [ml.model_loader]  ModelLoader: all artifacts loaded  classes=[np.str_('Excellent'), np.str_('Moderate'), np.str_('Strong'), np.str_('Very Weak'), np.str_('Weak')]  n_features=12  n_estimators=100
2026-08-05 23:33:11  INFO      [ml.model_loader]  =======================================================
2026-08-05 23:33:11  INFO      [ml.prediction_service]  PasswordPredictionService ready  n_features=12  classes=[np.str_('Excellent'), np.str_('Moderate'), np.str_('Strong'), np.str_('Very Weak'), np.str_('Weak')]
2026-08-05 23:33:11  DEBUG     [ml.prediction_service]  predict() called  features_count=12
2026-08-05 23:33:11  DEBUG     [ml.prediction_service]  Feature validation passed  (12 features)
2026-08-05 23:33:11  INFO      [ml.prediction_service]  Prediction: Very Weak     confidence=1.0000  time=58.78 ms
2026-08-05 23:33:11  DEBUG     [ml.prediction_service]  Probabilities: {'Very Weak': 1.0, 'Weak': 0.0, 'Moderate': 0.0, 'Strong': 0.0, 'Excellent': 0.0}
2026-08-05 23:33:11  DEBUG     [ml.prediction_service]  predict() called  features_count=12
2026-08-05 23:33:11  DEBUG     [ml.prediction_service]  Feature validation passed  (12 features)
2026-08-05 23:33:11  INFO      [ml.prediction_service]  Prediction: Weak          confidence=0.7900  time=36.56 ms
2026-08-05 23:33:11  DEBUG     [ml.prediction_service]  Probabilities: {'Very Weak': 0.21, 'Weak': 0.79, 'Moderate': 0.0, 'Strong': 0.0, 'Excellent': 0.0}
2026-08-05 23:33:11  DEBUG     [ml.prediction_service]  predict() called  features_count=12
2026-08-05 23:33:11  DEBUG     [ml.prediction_service]  Feature validation passed  (12 features)
2026-08-05 23:33:11  INFO      [ml.prediction_service]  Prediction: Moderate      confidence=0.8800  time=40.98 ms
2026-08-05 23:33:11  DEBUG     [ml.prediction_service]  Probabilities: {'Very Weak': 0.0, 'Weak': 0.12, 'Moderate': 0.88, 'Strong': 0.0, 'Excellent': 0.0}
2026-08-05 23:33:11  DEBUG     [ml.prediction_service]  predict() called  features_count=12
2026-08-05 23:33:11  DEBUG     [ml.prediction_service]  Feature validation passed  (12 features)
2026-08-05 23:33:11  INFO      [ml.prediction_service]  Prediction: Strong        confidence=0.6800  time=86.89 ms
2026-08-05 23:33:11  DEBUG     [ml.prediction_service]  Probabilities: {'Very Weak': 0.0, 'Weak': 0.02, 'Moderate': 0.03, 'Strong': 0.68, 'Excellent': 0.27}
2026-08-05 23:33:11  DEBUG     [ml.prediction_service]  predict() called  features_count=12
2026-08-05 23:33:11  DEBUG     [ml.prediction_service]  Feature validation passed  (12 features)
2026-08-05 23:33:11  INFO      [ml.prediction_service]  Prediction: Excellent     confidence=1.0000  time=85.86 ms
2026-08-05 23:33:11  DEBUG     [ml.prediction_service]  Probabilities: {'Very Weak': 0.0, 'Weak': 0.0, 'Moderate': 0.0, 'Strong': 0.0, 'Excellent': 1.0}
2026-08-05 23:33:11  DEBUG     [ml.prediction_service]  predict_from_password('aaa***')
2026-08-05 23:33:11  DEBUG     [ml.prediction_service]  predict() called  features_count=12
2026-08-05 23:33:11  DEBUG     [ml.prediction_service]  Feature validation passed  (12 features)
2026-08-05 23:33:11  INFO      [ml.prediction_service]  Prediction: Very Weak     confidence=1.0000  time=76.89 ms
2026-08-05 23:33:11  DEBUG     [ml.prediction_service]  Probabilities: {'Very Weak': 1.0, 'Weak': 0.0, 'Moderate': 0.0, 'Strong': 0.0, 'Excellent': 0.0}
2026-08-05 23:33:11  DEBUG     [ml.prediction_service]  predict_from_password('sun***')
2026-08-05 23:33:11  DEBUG     [ml.prediction_service]  predict() called  features_count=12
2026-08-05 23:33:11  DEBUG     [ml.prediction_service]  Feature validation passed  (12 features)
2026-08-05 23:33:11  INFO      [ml.prediction_service]  Prediction: Weak          confidence=0.5700  time=46.72 ms
2026-08-05 23:33:11  DEBUG     [ml.prediction_service]  Probabilities: {'Very Weak': 0.17, 'Weak': 0.57, 'Moderate': 0.26, 'Strong': 0.0, 'Excellent': 0.0}
2026-08-05 23:33:11  DEBUG     [ml.prediction_service]  predict_from_password('Ran***')
2026-08-05 23:33:11  DEBUG     [ml.prediction_service]  predict() called  features_count=12
2026-08-05 23:33:11  DEBUG     [ml.prediction_service]  Feature validation passed  (12 features)
2026-08-05 23:33:11  INFO      [ml.prediction_service]  Prediction: Moderate      confidence=0.5900  time=54.12 ms
2026-08-05 23:33:11  DEBUG     [ml.prediction_service]  Probabilities: {'Very Weak': 0.0, 'Weak': 0.41, 'Moderate': 0.59, 'Strong': 0.0, 'Excellent': 0.0}
2026-08-05 23:33:11  DEBUG     [ml.prediction_service]  predict_from_password('Blu***')
2026-08-05 23:33:11  DEBUG     [ml.prediction_service]  predict() called  features_count=12
2026-08-05 23:33:11  DEBUG     [ml.prediction_service]  Feature validation passed  (12 features)
2026-08-05 23:33:11  INFO      [ml.prediction_service]  Prediction: Strong        confidence=0.6700  time=77.51 ms
2026-08-05 23:33:11  DEBUG     [ml.prediction_service]  Probabilities: {'Very Weak': 0.0, 'Weak': 0.02, 'Moderate': 0.03, 'Strong': 0.67, 'Excellent': 0.28}
2026-08-05 23:33:11  DEBUG     [ml.prediction_service]  predict_from_password('Fox***')
2026-08-05 23:33:11  DEBUG     [ml.prediction_service]  predict() called  features_count=12
2026-08-05 23:33:11  DEBUG     [ml.prediction_service]  Feature validation passed  (12 features)
2026-08-05 23:33:11  INFO      [ml.prediction_service]  Prediction: Excellent     confidence=1.0000  time=247.00 ms
2026-08-05 23:33:11  DEBUG     [ml.prediction_service]  Probabilities: {'Very Weak': 0.0, 'Weak': 0.0, 'Moderate': 0.0, 'Strong': 0.0, 'Excellent': 1.0}
2026-08-05 23:33:11  DEBUG     [ml.prediction_service]  predict_from_password('Adm***')
2026-08-05 23:33:11  DEBUG     [ml.prediction_service]  predict() called  features_count=12
2026-08-05 23:33:11  DEBUG     [ml.prediction_service]  Feature validation passed  (12 features)
2026-08-05 23:33:12  INFO      [ml.prediction_service]  Prediction: Moderate      confidence=0.6700  time=215.62 ms
2026-08-05 23:33:12  DEBUG     [ml.prediction_service]  Probabilities: {'Very Weak': 0.08, 'Weak': 0.25, 'Moderate': 0.67, 'Strong': 0.0, 'Excellent': 0.0}
2026-08-05 23:33:12  DEBUG     [ml.prediction_service]  predict() called  features_count=1
2026-08-05 23:33:12  DEBUG     [ml.prediction_service]  predict() called  features_count=13
2026-08-05 23:33:12  DEBUG     [ml.prediction_service]  predict() called  features_count=10
2026-08-05 23:33:12  DEBUG     [ml.prediction_service]  predict() called  features_count=0
2026-08-05 23:33:12  DEBUG     [ml.prediction_service]  predict() called  features_count=12
2026-08-05 23:33:12  DEBUG     [ml.prediction_service]  Feature validation passed  (12 features)
2026-08-05 23:33:12  INFO      [ml.prediction_service]  Prediction: Moderate      confidence=0.6700  time=190.68 ms
2026-08-05 23:33:12  DEBUG     [ml.prediction_service]  Probabilities: {'Very Weak': 0.08, 'Weak': 0.25, 'Moderate': 0.67, 'Strong': 0.0, 'Excellent': 0.0}
2026-08-05 23:33:12  DEBUG     [ml.prediction_service]  predict() called  features_count=12
2026-08-05 23:33:12  DEBUG     [ml.prediction_service]  Feature validation passed  (12 features)
2026-08-05 23:33:12  INFO      [ml.prediction_service]  Prediction: Moderate      confidence=0.6700  time=140.64 ms
2026-08-05 23:33:12  DEBUG     [ml.prediction_service]  Probabilities: {'Very Weak': 0.08, 'Weak': 0.25, 'Moderate': 0.67, 'Strong': 0.0, 'Excellent': 0.0}
2026-08-05 23:33:12  DEBUG     [ml.prediction_service]  predict() called  features_count=12
2026-08-05 23:33:12  DEBUG     [ml.prediction_service]  Feature validation passed  (12 features)
2026-08-05 23:33:12  INFO      [ml.prediction_service]  Prediction: Moderate      confidence=0.6700  time=152.09 ms
2026-08-05 23:33:12  DEBUG     [ml.prediction_service]  Probabilities: {'Very Weak': 0.08, 'Weak': 0.25, 'Moderate': 0.67, 'Strong': 0.0, 'Excellent': 0.0}
2026-08-05 23:33:12  DEBUG     [ml.prediction_service]  predict() called  features_count=12
2026-08-05 23:33:12  DEBUG     [ml.prediction_service]  Feature validation passed  (12 features)
2026-08-05 23:33:12  INFO      [ml.prediction_service]  Prediction: Moderate      confidence=0.6700  time=162.07 ms
2026-08-05 23:33:12  DEBUG     [ml.prediction_service]  Probabilities: {'Very Weak': 0.08, 'Weak': 0.25, 'Moderate': 0.67, 'Strong': 0.0, 'Excellent': 0.0}
2026-08-05 23:33:12  DEBUG     [ml.prediction_service]  predict() called  features_count=12
2026-08-05 23:33:12  DEBUG     [ml.prediction_service]  Feature validation passed  (12 features)
2026-08-05 23:33:13  INFO      [ml.prediction_service]  Prediction: Moderate      confidence=0.6700  time=204.28 ms
2026-08-05 23:33:13  DEBUG     [ml.prediction_service]  Probabilities: {'Very Weak': 0.08, 'Weak': 0.25, 'Moderate': 0.67, 'Strong': 0.0, 'Excellent': 0.0}
2026-08-05 23:33:13  DEBUG     [ml.prediction_service]  predict() called  features_count=12
2026-08-05 23:33:13  DEBUG     [ml.prediction_service]  Feature validation passed  (12 features)
2026-08-05 23:33:13  INFO      [ml.prediction_service]  Prediction: Moderate      confidence=0.6700  time=242.06 ms
2026-08-05 23:33:13  DEBUG     [ml.prediction_service]  Probabilities: {'Very Weak': 0.08, 'Weak': 0.25, 'Moderate': 0.67, 'Strong': 0.0, 'Excellent': 0.0}
2026-08-05 23:33:13  DEBUG     [ml.prediction_service]  predict() called  features_count=12
2026-08-05 23:33:13  DEBUG     [ml.prediction_service]  Feature validation passed  (12 features)
2026-08-05 23:33:13  INFO      [ml.prediction_service]  Prediction: Moderate      confidence=0.6700  time=170.51 ms
2026-08-05 23:33:13  DEBUG     [ml.prediction_service]  Probabilities: {'Very Weak': 0.08, 'Weak': 0.25, 'Moderate': 0.67, 'Strong': 0.0, 'Excellent': 0.0}
2026-08-05 23:33:13  DEBUG     [ml.prediction_service]  predict() called  features_count=12
2026-08-05 23:33:13  DEBUG     [ml.prediction_service]  Feature validation passed  (12 features)
2026-08-05 23:33:13  INFO      [ml.prediction_service]  Prediction: Moderate      confidence=0.6700  time=160.88 ms
2026-08-05 23:33:13  DEBUG     [ml.prediction_service]  Probabilities: {'Very Weak': 0.08, 'Weak': 0.25, 'Moderate': 0.67, 'Strong': 0.0, 'Excellent': 0.0}
2026-08-05 23:33:13  DEBUG     [ml.prediction_service]  predict() called  features_count=12
2026-08-05 23:33:13  DEBUG     [ml.prediction_service]  Feature validation passed  (12 features)
2026-08-05 23:33:13  INFO      [ml.prediction_service]  Prediction: Moderate      confidence=0.6700  time=239.30 ms
2026-08-05 23:33:13  DEBUG     [ml.prediction_service]  Probabilities: {'Very Weak': 0.08, 'Weak': 0.25, 'Moderate': 0.67, 'Strong': 0.0, 'Excellent': 0.0}
2026-08-05 23:33:13  DEBUG     [ml.prediction_service]  predict() called  features_count=12
2026-08-05 23:33:13  DEBUG     [ml.prediction_service]  Feature validation passed  (12 features)
2026-08-05 23:33:14  INFO      [ml.prediction_service]  Prediction: Moderate      confidence=0.6700  time=198.18 ms
2026-08-05 23:33:14  DEBUG     [ml.prediction_service]  Probabilities: {'Very Weak': 0.08, 'Weak': 0.25, 'Moderate': 0.67, 'Strong': 0.0, 'Excellent': 0.0}
2026-08-05 23:33:14  DEBUG     [ml.prediction_service]  predict() called  features_count=12
2026-08-05 23:33:14  DEBUG     [ml.prediction_service]  Feature validation passed  (12 features)
2026-08-05 23:33:14  INFO      [ml.prediction_service]  Prediction: Moderate      confidence=0.6700  time=217.43 ms
2026-08-05 23:33:14  DEBUG     [ml.prediction_service]  Probabilities: {'Very Weak': 0.08, 'Weak': 0.25, 'Moderate': 0.67, 'Strong': 0.0, 'Excellent': 0.0}
2026-08-05 23:33:14  DEBUG     [ml.prediction_service]  predict() called  features_count=12
2026-08-05 23:33:14  DEBUG     [ml.prediction_service]  Feature validation passed  (12 features)
2026-08-05 23:33:14  INFO      [ml.prediction_service]  Prediction: Moderate      confidence=0.6700  time=195.09 ms
2026-08-05 23:33:14  DEBUG     [ml.prediction_service]  Probabilities: {'Very Weak': 0.08, 'Weak': 0.25, 'Moderate': 0.67, 'Strong': 0.0, 'Excellent': 0.0}
2026-08-05 23:33:14  DEBUG     [ml.prediction_service]  predict() called  features_count=12
2026-08-05 23:33:14  DEBUG     [ml.prediction_service]  Feature validation passed  (12 features)
2026-08-05 23:33:14  INFO      [ml.prediction_service]  Prediction: Moderate      confidence=0.6700  time=298.15 ms
2026-08-05 23:33:14  DEBUG     [ml.prediction_service]  Probabilities: {'Very Weak': 0.08, 'Weak': 0.25, 'Moderate': 0.67, 'Strong': 0.0, 'Excellent': 0.0}
2026-08-05 23:33:14  DEBUG     [ml.prediction_service]  predict() called  features_count=12
2026-08-05 23:33:14  DEBUG     [ml.prediction_service]  Feature validation passed  (12 features)
2026-08-05 23:33:15  INFO      [ml.prediction_service]  Prediction: Moderate      confidence=0.6700  time=184.01 ms
2026-08-05 23:33:15  DEBUG     [ml.prediction_service]  Probabilities: {'Very Weak': 0.08, 'Weak': 0.25, 'Moderate': 0.67, 'Strong': 0.0, 'Excellent': 0.0}
2026-08-05 23:33:15  DEBUG     [ml.prediction_service]  predict() called  features_count=12
2026-08-05 23:33:15  DEBUG     [ml.prediction_service]  Feature validation passed  (12 features)
2026-08-05 23:33:15  INFO      [ml.prediction_service]  Prediction: Moderate      confidence=0.6700  time=212.17 ms
2026-08-05 23:33:15  DEBUG     [ml.prediction_service]  Probabilities: {'Very Weak': 0.08, 'Weak': 0.25, 'Moderate': 0.67, 'Strong': 0.0, 'Excellent': 0.0}
2026-08-05 23:33:15  DEBUG     [ml.prediction_service]  predict() called  features_count=12
2026-08-05 23:33:15  DEBUG     [ml.prediction_service]  Feature validation passed  (12 features)
2026-08-05 23:33:15  INFO      [ml.prediction_service]  Prediction: Moderate      confidence=0.6700  time=240.13 ms
2026-08-05 23:33:15  DEBUG     [ml.prediction_service]  Probabilities: {'Very Weak': 0.08, 'Weak': 0.25, 'Moderate': 0.67, 'Strong': 0.0, 'Excellent': 0.0}
2026-08-05 23:33:15  DEBUG     [ml.prediction_service]  predict() called  features_count=12
2026-08-05 23:33:15  DEBUG     [ml.prediction_service]  Feature validation passed  (12 features)
2026-08-05 23:33:15  INFO      [ml.prediction_service]  Prediction: Moderate      confidence=0.6700  time=289.72 ms
2026-08-05 23:33:15  DEBUG     [ml.prediction_service]  Probabilities: {'Very Weak': 0.08, 'Weak': 0.25, 'Moderate': 0.67, 'Strong': 0.0, 'Excellent': 0.0}
2026-08-05 23:33:15  DEBUG     [ml.prediction_service]  predict() called  features_count=12
2026-08-05 23:33:15  DEBUG     [ml.prediction_service]  Feature validation passed  (12 features)
2026-08-05 23:33:16  INFO      [ml.prediction_service]  Prediction: Moderate      confidence=0.6700  time=257.64 ms
2026-08-05 23:33:16  DEBUG     [ml.prediction_service]  Probabilities: {'Very Weak': 0.08, 'Weak': 0.25, 'Moderate': 0.67, 'Strong': 0.0, 'Excellent': 0.0}
2026-08-05 23:33:16  DEBUG     [ml.prediction_service]  predict() called  features_count=12
2026-08-05 23:33:16  DEBUG     [ml.prediction_service]  Feature validation passed  (12 features)
2026-08-05 23:33:16  INFO      [ml.prediction_service]  Prediction: Moderate      confidence=0.6700  time=218.76 ms
2026-08-05 23:33:16  DEBUG     [ml.prediction_service]  Probabilities: {'Very Weak': 0.08, 'Weak': 0.25, 'Moderate': 0.67, 'Strong': 0.0, 'Excellent': 0.0}
2026-08-05 23:33:16  DEBUG     [ml.prediction_service]  predict() called  features_count=12
2026-08-05 23:33:16  DEBUG     [ml.prediction_service]  Feature validation passed  (12 features)
2026-08-05 23:33:16  INFO      [ml.prediction_service]  Prediction: Moderate      confidence=0.6700  time=240.65 ms
2026-08-05 23:33:16  DEBUG     [ml.prediction_service]  Probabilities: {'Very Weak': 0.08, 'Weak': 0.25, 'Moderate': 0.67, 'Strong': 0.0, 'Excellent': 0.0}
2026-08-05 23:33:16  DEBUG     [ml.prediction_service]  predict() called  features_count=12
2026-08-05 23:33:16  DEBUG     [ml.prediction_service]  Feature validation passed  (12 features)
2026-08-05 23:33:16  INFO      [ml.prediction_service]  Prediction: Moderate      confidence=0.6700  time=149.60 ms
2026-08-05 23:33:16  DEBUG     [ml.prediction_service]  Probabilities: {'Very Weak': 0.08, 'Weak': 0.25, 'Moderate': 0.67, 'Strong': 0.0, 'Excellent': 0.0}
2026-08-05 23:33:16  DEBUG     [ml.prediction_service]  predict() called  features_count=12
2026-08-05 23:33:16  DEBUG     [ml.prediction_service]  Feature validation passed  (12 features)
2026-08-05 23:33:16  INFO      [ml.prediction_service]  Prediction: Moderate      confidence=0.6700  time=211.88 ms
2026-08-05 23:33:16  DEBUG     [ml.prediction_service]  Probabilities: {'Very Weak': 0.08, 'Weak': 0.25, 'Moderate': 0.67, 'Strong': 0.0, 'Excellent': 0.0}
2026-08-05 23:33:16  DEBUG     [ml.prediction_service]  predict() called  features_count=12
2026-08-05 23:33:16  DEBUG     [ml.prediction_service]  Feature validation passed  (12 features)
2026-08-05 23:33:17  INFO      [ml.prediction_service]  Prediction: Moderate      confidence=0.6700  time=229.46 ms
2026-08-05 23:33:17  DEBUG     [ml.prediction_service]  Probabilities: {'Very Weak': 0.08, 'Weak': 0.25, 'Moderate': 0.67, 'Strong': 0.0, 'Excellent': 0.0}
2026-08-05 23:33:17  DEBUG     [ml.prediction_service]  predict() called  features_count=12
2026-08-05 23:33:17  DEBUG     [ml.prediction_service]  Feature validation passed  (12 features)
2026-08-05 23:33:17  INFO      [ml.prediction_service]  Prediction: Moderate      confidence=0.6700  time=232.73 ms
2026-08-05 23:33:17  DEBUG     [ml.prediction_service]  Probabilities: {'Very Weak': 0.08, 'Weak': 0.25, 'Moderate': 0.67, 'Strong': 0.0, 'Excellent': 0.0}
2026-08-05 23:33:17  DEBUG     [ml.prediction_service]  predict() called  features_count=12
2026-08-05 23:33:17  DEBUG     [ml.prediction_service]  Feature validation passed  (12 features)
2026-08-05 23:33:17  INFO      [ml.prediction_service]  Prediction: Moderate      confidence=0.6700  time=176.50 ms
2026-08-05 23:33:17  DEBUG     [ml.prediction_service]  Probabilities: {'Very Weak': 0.08, 'Weak': 0.25, 'Moderate': 0.67, 'Strong': 0.0, 'Excellent': 0.0}
2026-08-05 23:33:17  DEBUG     [ml.prediction_service]  predict() called  features_count=12
2026-08-05 23:33:17  DEBUG     [ml.prediction_service]  Feature validation passed  (12 features)
2026-08-05 23:33:17  INFO      [ml.prediction_service]  Prediction: Moderate      confidence=0.6700  time=190.05 ms
2026-08-05 23:33:17  DEBUG     [ml.prediction_service]  Probabilities: {'Very Weak': 0.08, 'Weak': 0.25, 'Moderate': 0.67, 'Strong': 0.0, 'Excellent': 0.0}
2026-08-05 23:33:17  DEBUG     [ml.prediction_service]  predict() called  features_count=12
2026-08-05 23:33:17  DEBUG     [ml.prediction_service]  Feature validation passed  (12 features)
2026-08-05 23:33:18  INFO      [ml.prediction_service]  Prediction: Moderate      confidence=0.6700  time=196.33 ms
2026-08-05 23:33:18  DEBUG     [ml.prediction_service]  Probabilities: {'Very Weak': 0.08, 'Weak': 0.25, 'Moderate': 0.67, 'Strong': 0.0, 'Excellent': 0.0}
2026-08-05 23:33:18  DEBUG     [ml.prediction_service]  predict() called  features_count=12
2026-08-05 23:33:18  DEBUG     [ml.prediction_service]  Feature validation passed  (12 features)
2026-08-05 23:33:18  INFO      [ml.prediction_service]  Prediction: Moderate      confidence=0.6700  time=206.65 ms
2026-08-05 23:33:18  DEBUG     [ml.prediction_service]  Probabilities: {'Very Weak': 0.08, 'Weak': 0.25, 'Moderate': 0.67, 'Strong': 0.0, 'Excellent': 0.0}
2026-08-05 23:33:18  DEBUG     [ml.prediction_service]  predict() called  features_count=12
2026-08-05 23:33:18  DEBUG     [ml.prediction_service]  Feature validation passed  (12 features)
2026-08-05 23:33:18  INFO      [ml.prediction_service]  Prediction: Moderate      confidence=0.6700  time=181.70 ms
2026-08-05 23:33:18  DEBUG     [ml.prediction_service]  Probabilities: {'Very Weak': 0.08, 'Weak': 0.25, 'Moderate': 0.67, 'Strong': 0.0, 'Excellent': 0.0}
2026-08-05 23:33:18  DEBUG     [ml.prediction_service]  predict() called  features_count=12
2026-08-05 23:33:18  DEBUG     [ml.prediction_service]  Feature validation passed  (12 features)
2026-08-05 23:33:18  INFO      [ml.prediction_service]  Prediction: Moderate      confidence=0.6700  time=182.43 ms
2026-08-05 23:33:18  DEBUG     [ml.prediction_service]  Probabilities: {'Very Weak': 0.08, 'Weak': 0.25, 'Moderate': 0.67, 'Strong': 0.0, 'Excellent': 0.0}
2026-08-05 23:33:18  DEBUG     [ml.prediction_service]  predict() called  features_count=12
2026-08-05 23:33:18  DEBUG     [ml.prediction_service]  Feature validation passed  (12 features)
2026-08-05 23:33:18  INFO      [ml.prediction_service]  Prediction: Moderate      confidence=0.6700  time=151.40 ms
2026-08-05 23:33:18  DEBUG     [ml.prediction_service]  Probabilities: {'Very Weak': 0.08, 'Weak': 0.25, 'Moderate': 0.67, 'Strong': 0.0, 'Excellent': 0.0}
2026-08-05 23:33:18  DEBUG     [ml.prediction_service]  predict() called  features_count=12
2026-08-05 23:33:18  DEBUG     [ml.prediction_service]  Feature validation passed  (12 features)
2026-08-05 23:33:18  INFO      [ml.prediction_service]  Prediction: Moderate      confidence=0.6700  time=154.92 ms
2026-08-05 23:33:18  DEBUG     [ml.prediction_service]  Probabilities: {'Very Weak': 0.08, 'Weak': 0.25, 'Moderate': 0.67, 'Strong': 0.0, 'Excellent': 0.0}
2026-08-05 23:33:18  DEBUG     [ml.prediction_service]  predict() called  features_count=12
2026-08-05 23:33:18  DEBUG     [ml.prediction_service]  Feature validation passed  (12 features)
2026-08-05 23:33:19  INFO      [ml.prediction_service]  Prediction: Moderate      confidence=0.6700  time=157.59 ms
2026-08-05 23:33:19  DEBUG     [ml.prediction_service]  Probabilities: {'Very Weak': 0.08, 'Weak': 0.25, 'Moderate': 0.67, 'Strong': 0.0, 'Excellent': 0.0}
2026-08-05 23:33:19  DEBUG     [ml.prediction_service]  predict() called  features_count=12
2026-08-05 23:33:19  DEBUG     [ml.prediction_service]  Feature validation passed  (12 features)
2026-08-05 23:33:19  INFO      [ml.prediction_service]  Prediction: Moderate      confidence=0.6700  time=200.76 ms
2026-08-05 23:33:19  DEBUG     [ml.prediction_service]  Probabilities: {'Very Weak': 0.08, 'Weak': 0.25, 'Moderate': 0.67, 'Strong': 0.0, 'Excellent': 0.0}
2026-08-05 23:33:19  DEBUG     [ml.prediction_service]  predict() called  features_count=12
2026-08-05 23:33:19  DEBUG     [ml.prediction_service]  Feature validation passed  (12 features)
2026-08-05 23:33:19  INFO      [ml.prediction_service]  Prediction: Moderate      confidence=0.6700  time=134.75 ms
2026-08-05 23:33:19  DEBUG     [ml.prediction_service]  Probabilities: {'Very Weak': 0.08, 'Weak': 0.25, 'Moderate': 0.67, 'Strong': 0.0, 'Excellent': 0.0}
2026-08-05 23:33:19  DEBUG     [ml.prediction_service]  predict() called  features_count=12
2026-08-05 23:33:19  DEBUG     [ml.prediction_service]  Feature validation passed  (12 features)
2026-08-05 23:33:19  INFO      [ml.prediction_service]  Prediction: Moderate      confidence=0.6700  time=143.97 ms
2026-08-05 23:33:19  DEBUG     [ml.prediction_service]  Probabilities: {'Very Weak': 0.08, 'Weak': 0.25, 'Moderate': 0.67, 'Strong': 0.0, 'Excellent': 0.0}
2026-08-05 23:33:19  DEBUG     [ml.prediction_service]  predict() called  features_count=12
2026-08-05 23:33:19  DEBUG     [ml.prediction_service]  Feature validation passed  (12 features)
2026-08-05 23:33:19  INFO      [ml.prediction_service]  Prediction: Moderate      confidence=0.6700  time=180.66 ms
2026-08-05 23:33:19  DEBUG     [ml.prediction_service]  Probabilities: {'Very Weak': 0.08, 'Weak': 0.25, 'Moderate': 0.67, 'Strong': 0.0, 'Excellent': 0.0}
2026-08-05 23:33:19  DEBUG     [ml.prediction_service]  predict() called  features_count=12
2026-08-05 23:33:19  DEBUG     [ml.prediction_service]  Feature validation passed  (12 features)
2026-08-05 23:33:19  INFO      [ml.prediction_service]  Prediction: Moderate      confidence=0.6700  time=180.07 ms
2026-08-05 23:33:19  DEBUG     [ml.prediction_service]  Probabilities: {'Very Weak': 0.08, 'Weak': 0.25, 'Moderate': 0.67, 'Strong': 0.0, 'Excellent': 0.0}
2026-08-05 23:33:19  DEBUG     [ml.prediction_service]  predict() called  features_count=12
2026-08-05 23:33:19  DEBUG     [ml.prediction_service]  Feature validation passed  (12 features)
2026-08-05 23:33:20  INFO      [ml.prediction_service]  Prediction: Moderate      confidence=0.6700  time=161.37 ms
2026-08-05 23:33:20  DEBUG     [ml.prediction_service]  Probabilities: {'Very Weak': 0.08, 'Weak': 0.25, 'Moderate': 0.67, 'Strong': 0.0, 'Excellent': 0.0}
2026-08-05 23:33:20  DEBUG     [ml.prediction_service]  predict() called  features_count=12
2026-08-05 23:33:20  DEBUG     [ml.prediction_service]  Feature validation passed  (12 features)
2026-08-05 23:33:20  INFO      [ml.prediction_service]  Prediction: Moderate      confidence=0.6700  time=163.48 ms
2026-08-05 23:33:20  DEBUG     [ml.prediction_service]  Probabilities: {'Very Weak': 0.08, 'Weak': 0.25, 'Moderate': 0.67, 'Strong': 0.0, 'Excellent': 0.0}
2026-08-05 23:33:20  DEBUG     [ml.prediction_service]  predict() called  features_count=12
2026-08-05 23:33:20  DEBUG     [ml.prediction_service]  Feature validation passed  (12 features)
2026-08-05 23:33:20  INFO      [ml.prediction_service]  Prediction: Moderate      confidence=0.6700  time=56.28 ms
2026-08-05 23:33:20  DEBUG     [ml.prediction_service]  Probabilities: {'Very Weak': 0.08, 'Weak': 0.25, 'Moderate': 0.67, 'Strong': 0.0, 'Excellent': 0.0}
2026-08-05 23:33:20  DEBUG     [ml.prediction_service]  predict() called  features_count=12
2026-08-05 23:33:20  DEBUG     [ml.prediction_service]  Feature validation passed  (12 features)
2026-08-05 23:33:20  INFO      [ml.prediction_service]  Prediction: Moderate      confidence=0.6700  time=56.94 ms
2026-08-05 23:33:20  DEBUG     [ml.prediction_service]  Probabilities: {'Very Weak': 0.08, 'Weak': 0.25, 'Moderate': 0.67, 'Strong': 0.0, 'Excellent': 0.0}
2026-08-05 23:33:20  DEBUG     [ml.prediction_service]  predict() called  features_count=12
2026-08-05 23:33:20  DEBUG     [ml.prediction_service]  Feature validation passed  (12 features)
2026-08-05 23:33:20  INFO      [ml.prediction_service]  Prediction: Moderate      confidence=0.6700  time=32.75 ms
2026-08-05 23:33:20  DEBUG     [ml.prediction_service]  Probabilities: {'Very Weak': 0.08, 'Weak': 0.25, 'Moderate': 0.67, 'Strong': 0.0, 'Excellent': 0.0}
2026-08-05 23:33:20  DEBUG     [ml.prediction_service]  predict() called  features_count=12
2026-08-05 23:33:20  DEBUG     [ml.prediction_service]  Feature validation passed  (12 features)
2026-08-05 23:33:20  INFO      [ml.prediction_service]  Prediction: Moderate      confidence=0.6700  time=31.82 ms
2026-08-05 23:33:20  DEBUG     [ml.prediction_service]  Probabilities: {'Very Weak': 0.08, 'Weak': 0.25, 'Moderate': 0.67, 'Strong': 0.0, 'Excellent': 0.0}
2026-08-05 23:33:20  DEBUG     [ml.prediction_service]  predict() called  features_count=12
2026-08-05 23:33:20  DEBUG     [ml.prediction_service]  Feature validation passed  (12 features)
2026-08-05 23:33:20  INFO      [ml.prediction_service]  Prediction: Moderate      confidence=0.6700  time=31.82 ms
2026-08-05 23:33:20  DEBUG     [ml.prediction_service]  Probabilities: {'Very Weak': 0.08, 'Weak': 0.25, 'Moderate': 0.67, 'Strong': 0.0, 'Excellent': 0.0}
2026-08-05 23:33:20  DEBUG     [ml.prediction_service]  predict() called  features_count=12
2026-08-05 23:33:20  DEBUG     [ml.prediction_service]  Feature validation passed  (12 features)
2026-08-05 23:33:20  INFO      [ml.prediction_service]  Prediction: Moderate      confidence=0.6700  time=35.45 ms
2026-08-05 23:33:20  DEBUG     [ml.prediction_service]  Probabilities: {'Very Weak': 0.08, 'Weak': 0.25, 'Moderate': 0.67, 'Strong': 0.0, 'Excellent': 0.0}
2026-08-05 23:33:20  DEBUG     [ml.prediction_service]  predict() called  features_count=12
2026-08-05 23:33:20  DEBUG     [ml.prediction_service]  Feature validation passed  (12 features)
2026-08-05 23:33:20  INFO      [ml.prediction_service]  Prediction: Moderate      confidence=0.6700  time=33.85 ms
2026-08-05 23:33:20  DEBUG     [ml.prediction_service]  Probabilities: {'Very Weak': 0.08, 'Weak': 0.25, 'Moderate': 0.67, 'Strong': 0.0, 'Excellent': 0.0}
2026-08-05 23:33:20  DEBUG     [ml.prediction_service]  predict() called  features_count=12
2026-08-05 23:33:20  DEBUG     [ml.prediction_service]  Feature validation passed  (12 features)
2026-08-05 23:33:20  INFO      [ml.prediction_service]  Prediction: Moderate      confidence=0.6700  time=33.58 ms
2026-08-05 23:33:20  DEBUG     [ml.prediction_service]  Probabilities: {'Very Weak': 0.08, 'Weak': 0.25, 'Moderate': 0.67, 'Strong': 0.0, 'Excellent': 0.0}
2026-08-05 23:33:20  DEBUG     [ml.prediction_service]  predict() called  features_count=12
2026-08-05 23:33:20  DEBUG     [ml.prediction_service]  Feature validation passed  (12 features)
2026-08-05 23:33:20  INFO      [ml.prediction_service]  Prediction: Moderate      confidence=0.6700  time=37.26 ms
2026-08-05 23:33:20  DEBUG     [ml.prediction_service]  Probabilities: {'Very Weak': 0.08, 'Weak': 0.25, 'Moderate': 0.67, 'Strong': 0.0, 'Excellent': 0.0}
2026-08-05 23:33:20  DEBUG     [ml.prediction_service]  predict() called  features_count=12
2026-08-05 23:33:20  DEBUG     [ml.prediction_service]  Feature validation passed  (12 features)
2026-08-05 23:33:20  INFO      [ml.prediction_service]  Prediction: Moderate      confidence=0.6700  time=35.91 ms
2026-08-05 23:33:20  DEBUG     [ml.prediction_service]  Probabilities: {'Very Weak': 0.08, 'Weak': 0.25, 'Moderate': 0.67, 'Strong': 0.0, 'Excellent': 0.0}
2026-08-05 23:33:20  DEBUG     [ml.prediction_service]  predict() called  features_count=12
2026-08-05 23:33:20  DEBUG     [ml.prediction_service]  Feature validation passed  (12 features)
2026-08-05 23:33:20  INFO      [ml.prediction_service]  Prediction: Moderate      confidence=0.6700  time=34.25 ms
2026-08-05 23:33:20  DEBUG     [ml.prediction_service]  Probabilities: {'Very Weak': 0.08, 'Weak': 0.25, 'Moderate': 0.67, 'Strong': 0.0, 'Excellent': 0.0}
2026-08-05 23:33:20  DEBUG     [ml.prediction_service]  predict() called  features_count=12
2026-08-05 23:33:20  DEBUG     [ml.prediction_service]  Feature validation passed  (12 features)
2026-08-05 23:33:20  INFO      [ml.prediction_service]  Prediction: Moderate      confidence=0.6700  time=70.12 ms
2026-08-05 23:33:20  DEBUG     [ml.prediction_service]  Probabilities: {'Very Weak': 0.08, 'Weak': 0.25, 'Moderate': 0.67, 'Strong': 0.0, 'Excellent': 0.0}
2026-08-05 23:33:20  DEBUG     [ml.prediction_service]  predict() called  features_count=12
2026-08-05 23:33:20  DEBUG     [ml.prediction_service]  Feature validation passed  (12 features)
2026-08-05 23:33:20  INFO      [ml.prediction_service]  Prediction: Moderate      confidence=0.6700  time=35.90 ms
2026-08-05 23:33:20  DEBUG     [ml.prediction_service]  Probabilities: {'Very Weak': 0.08, 'Weak': 0.25, 'Moderate': 0.67, 'Strong': 0.0, 'Excellent': 0.0}
2026-08-05 23:33:20  DEBUG     [ml.prediction_service]  predict() called  features_count=12
2026-08-05 23:33:20  DEBUG     [ml.prediction_service]  Feature validation passed  (12 features)
2026-08-05 23:33:20  INFO      [ml.prediction_service]  Prediction: Moderate      confidence=0.6700  time=48.44 ms
2026-08-05 23:33:20  DEBUG     [ml.prediction_service]  Probabilities: {'Very Weak': 0.08, 'Weak': 0.25, 'Moderate': 0.67, 'Strong': 0.0, 'Excellent': 0.0}
2026-08-05 23:33:20  DEBUG     [ml.prediction_service]  predict() called  features_count=12
2026-08-05 23:33:20  DEBUG     [ml.prediction_service]  Feature validation passed  (12 features)
2026-08-05 23:33:20  INFO      [ml.prediction_service]  Prediction: Moderate      confidence=0.6700  time=34.13 ms
2026-08-05 23:33:20  DEBUG     [ml.prediction_service]  Probabilities: {'Very Weak': 0.08, 'Weak': 0.25, 'Moderate': 0.67, 'Strong': 0.0, 'Excellent': 0.0}
2026-08-05 23:33:20  DEBUG     [ml.prediction_service]  predict() called  features_count=12
2026-08-05 23:33:20  DEBUG     [ml.prediction_service]  Feature validation passed  (12 features)
2026-08-05 23:33:21  INFO      [ml.prediction_service]  Prediction: Moderate      confidence=0.6700  time=32.82 ms
2026-08-05 23:33:21  DEBUG     [ml.prediction_service]  Probabilities: {'Very Weak': 0.08, 'Weak': 0.25, 'Moderate': 0.67, 'Strong': 0.0, 'Excellent': 0.0}
2026-08-05 23:33:21  DEBUG     [ml.prediction_service]  predict() called  features_count=12
2026-08-05 23:33:21  DEBUG     [ml.prediction_service]  Feature validation passed  (12 features)
2026-08-05 23:33:21  INFO      [ml.prediction_service]  Prediction: Moderate      confidence=0.6700  time=51.05 ms
2026-08-05 23:33:21  DEBUG     [ml.prediction_service]  Probabilities: {'Very Weak': 0.08, 'Weak': 0.25, 'Moderate': 0.67, 'Strong': 0.0, 'Excellent': 0.0}
2026-08-05 23:33:21  DEBUG     [ml.prediction_service]  predict() called  features_count=12
2026-08-05 23:33:21  DEBUG     [ml.prediction_service]  Feature validation passed  (12 features)
2026-08-05 23:33:21  INFO      [ml.prediction_service]  Prediction: Moderate      confidence=0.6700  time=49.45 ms
2026-08-05 23:33:21  DEBUG     [ml.prediction_service]  Probabilities: {'Very Weak': 0.08, 'Weak': 0.25, 'Moderate': 0.67, 'Strong': 0.0, 'Excellent': 0.0}
2026-08-05 23:33:21  DEBUG     [ml.prediction_service]  predict() called  features_count=12
2026-08-05 23:33:21  DEBUG     [ml.prediction_service]  Feature validation passed  (12 features)
2026-08-05 23:33:21  INFO      [ml.prediction_service]  Prediction: Moderate      confidence=0.6700  time=64.43 ms
2026-08-05 23:33:21  DEBUG     [ml.prediction_service]  Probabilities: {'Very Weak': 0.08, 'Weak': 0.25, 'Moderate': 0.67, 'Strong': 0.0, 'Excellent': 0.0}
2026-08-05 23:33:21  DEBUG     [ml.prediction_service]  predict() called  features_count=12
2026-08-05 23:33:21  DEBUG     [ml.prediction_service]  Feature validation passed  (12 features)
2026-08-05 23:33:21  INFO      [ml.prediction_service]  Prediction: Moderate      confidence=0.6700  time=49.93 ms
2026-08-05 23:33:21  DEBUG     [ml.prediction_service]  Probabilities: {'Very Weak': 0.08, 'Weak': 0.25, 'Moderate': 0.67, 'Strong': 0.0, 'Excellent': 0.0}
2026-08-05 23:33:21  DEBUG     [ml.prediction_service]  predict() called  features_count=12
2026-08-05 23:33:21  DEBUG     [ml.prediction_service]  Feature validation passed  (12 features)
2026-08-05 23:33:21  INFO      [ml.prediction_service]  Prediction: Moderate      confidence=0.6700  time=62.13 ms
2026-08-05 23:33:21  DEBUG     [ml.prediction_service]  Probabilities: {'Very Weak': 0.08, 'Weak': 0.25, 'Moderate': 0.67, 'Strong': 0.0, 'Excellent': 0.0}
2026-08-05 23:33:21  DEBUG     [ml.prediction_service]  predict() called  features_count=12
2026-08-05 23:33:21  DEBUG     [ml.prediction_service]  Feature validation passed  (12 features)
2026-08-05 23:33:21  INFO      [ml.prediction_service]  Prediction: Moderate      confidence=0.6700  time=91.87 ms
2026-08-05 23:33:21  DEBUG     [ml.prediction_service]  Probabilities: {'Very Weak': 0.08, 'Weak': 0.25, 'Moderate': 0.67, 'Strong': 0.0, 'Excellent': 0.0}
2026-08-05 23:33:21  DEBUG     [ml.prediction_service]  predict() called  features_count=12
2026-08-05 23:33:21  DEBUG     [ml.prediction_service]  Feature validation passed  (12 features)
2026-08-05 23:33:21  INFO      [ml.prediction_service]  Prediction: Moderate      confidence=0.6700  time=127.13 ms
2026-08-05 23:33:21  DEBUG     [ml.prediction_service]  Probabilities: {'Very Weak': 0.08, 'Weak': 0.25, 'Moderate': 0.67, 'Strong': 0.0, 'Excellent': 0.0}
2026-08-05 23:33:21  DEBUG     [ml.prediction_service]  predict() called  features_count=12
2026-08-05 23:33:21  DEBUG     [ml.prediction_service]  Feature validation passed  (12 features)
2026-08-05 23:33:21  INFO      [ml.prediction_service]  Prediction: Moderate      confidence=0.6700  time=150.22 ms
2026-08-05 23:33:21  DEBUG     [ml.prediction_service]  Probabilities: {'Very Weak': 0.08, 'Weak': 0.25, 'Moderate': 0.67, 'Strong': 0.0, 'Excellent': 0.0}
2026-08-05 23:33:21  DEBUG     [ml.prediction_service]  predict() called  features_count=12
2026-08-05 23:33:21  DEBUG     [ml.prediction_service]  Feature validation passed  (12 features)
2026-08-05 23:33:21  INFO      [ml.prediction_service]  Prediction: Moderate      confidence=0.6700  time=133.38 ms
2026-08-05 23:33:21  DEBUG     [ml.prediction_service]  Probabilities: {'Very Weak': 0.08, 'Weak': 0.25, 'Moderate': 0.67, 'Strong': 0.0, 'Excellent': 0.0}
2026-08-05 23:33:21  DEBUG     [ml.prediction_service]  predict() called  features_count=12
2026-08-05 23:33:21  DEBUG     [ml.prediction_service]  Feature validation passed  (12 features)
2026-08-05 23:33:21  INFO      [ml.prediction_service]  Prediction: Moderate      confidence=0.6700  time=141.44 ms
2026-08-05 23:33:21  DEBUG     [ml.prediction_service]  Probabilities: {'Very Weak': 0.08, 'Weak': 0.25, 'Moderate': 0.67, 'Strong': 0.0, 'Excellent': 0.0}
2026-08-05 23:33:21  DEBUG     [ml.prediction_service]  predict() called  features_count=12
2026-08-05 23:33:21  DEBUG     [ml.prediction_service]  Feature validation passed  (12 features)
2026-08-05 23:33:22  INFO      [ml.prediction_service]  Prediction: Moderate      confidence=0.6700  time=142.04 ms
2026-08-05 23:33:22  DEBUG     [ml.prediction_service]  Probabilities: {'Very Weak': 0.08, 'Weak': 0.25, 'Moderate': 0.67, 'Strong': 0.0, 'Excellent': 0.0}
2026-08-05 23:33:22  DEBUG     [ml.prediction_service]  predict() called  features_count=12
2026-08-05 23:33:22  DEBUG     [ml.prediction_service]  Feature validation passed  (12 features)
2026-08-05 23:33:22  INFO      [ml.prediction_service]  Prediction: Moderate      confidence=0.6700  time=129.24 ms
2026-08-05 23:33:22  DEBUG     [ml.prediction_service]  Probabilities: {'Very Weak': 0.08, 'Weak': 0.25, 'Moderate': 0.67, 'Strong': 0.0, 'Excellent': 0.0}
2026-08-05 23:33:22  DEBUG     [ml.prediction_service]  predict() called  features_count=12
2026-08-05 23:33:22  DEBUG     [ml.prediction_service]  Feature validation passed  (12 features)
2026-08-05 23:33:22  INFO      [ml.prediction_service]  Prediction: Moderate      confidence=0.6700  time=148.53 ms
2026-08-05 23:33:22  DEBUG     [ml.prediction_service]  Probabilities: {'Very Weak': 0.08, 'Weak': 0.25, 'Moderate': 0.67, 'Strong': 0.0, 'Excellent': 0.0}
2026-08-05 23:33:22  DEBUG     [ml.prediction_service]  predict() called  features_count=12
2026-08-05 23:33:22  DEBUG     [ml.prediction_service]  Feature validation passed  (12 features)
2026-08-05 23:33:22  INFO      [ml.prediction_service]  Prediction: Moderate      confidence=0.6700  time=130.18 ms
2026-08-05 23:33:22  DEBUG     [ml.prediction_service]  Probabilities: {'Very Weak': 0.08, 'Weak': 0.25, 'Moderate': 0.67, 'Strong': 0.0, 'Excellent': 0.0}
2026-08-05 23:33:22  DEBUG     [ml.prediction_service]  predict() called  features_count=12
2026-08-05 23:33:22  DEBUG     [ml.prediction_service]  Feature validation passed  (12 features)
2026-08-05 23:33:22  INFO      [ml.prediction_service]  Prediction: Moderate      confidence=0.6700  time=142.88 ms
2026-08-05 23:33:22  DEBUG     [ml.prediction_service]  Probabilities: {'Very Weak': 0.08, 'Weak': 0.25, 'Moderate': 0.67, 'Strong': 0.0, 'Excellent': 0.0}
2026-08-05 23:33:22  DEBUG     [ml.prediction_service]  predict() called  features_count=12
2026-08-05 23:33:22  DEBUG     [ml.prediction_service]  Feature validation passed  (12 features)
2026-08-05 23:33:22  INFO      [ml.prediction_service]  Prediction: Moderate      confidence=0.6700  time=137.75 ms
2026-08-05 23:33:22  DEBUG     [ml.prediction_service]  Probabilities: {'Very Weak': 0.08, 'Weak': 0.25, 'Moderate': 0.67, 'Strong': 0.0, 'Excellent': 0.0}
2026-08-05 23:33:22  DEBUG     [ml.prediction_service]  predict() called  features_count=12
2026-08-05 23:33:22  DEBUG     [ml.prediction_service]  Feature validation passed  (12 features)
2026-08-05 23:33:22  INFO      [ml.prediction_service]  Prediction: Moderate      confidence=0.6700  time=131.69 ms
2026-08-05 23:33:22  DEBUG     [ml.prediction_service]  Probabilities: {'Very Weak': 0.08, 'Weak': 0.25, 'Moderate': 0.67, 'Strong': 0.0, 'Excellent': 0.0}
2026-08-05 23:33:22  DEBUG     [ml.prediction_service]  predict() called  features_count=12
2026-08-05 23:33:22  DEBUG     [ml.prediction_service]  Feature validation passed  (12 features)
2026-08-05 23:33:23  INFO      [ml.prediction_service]  Prediction: Moderate      confidence=0.6700  time=172.55 ms
2026-08-05 23:33:23  DEBUG     [ml.prediction_service]  Probabilities: {'Very Weak': 0.08, 'Weak': 0.25, 'Moderate': 0.67, 'Strong': 0.0, 'Excellent': 0.0}
2026-08-05 23:33:23  DEBUG     [ml.prediction_service]  predict() called  features_count=12
2026-08-05 23:33:23  DEBUG     [ml.prediction_service]  Feature validation passed  (12 features)
2026-08-05 23:33:23  INFO      [ml.prediction_service]  Prediction: Moderate      confidence=0.6700  time=149.40 ms
2026-08-05 23:33:23  DEBUG     [ml.prediction_service]  Probabilities: {'Very Weak': 0.08, 'Weak': 0.25, 'Moderate': 0.67, 'Strong': 0.0, 'Excellent': 0.0}
2026-08-05 23:33:23  DEBUG     [ml.prediction_service]  predict() called  features_count=12
2026-08-05 23:33:23  DEBUG     [ml.prediction_service]  Feature validation passed  (12 features)
2026-08-05 23:33:23  INFO      [ml.prediction_service]  Prediction: Moderate      confidence=0.6700  time=146.18 ms
2026-08-05 23:33:23  DEBUG     [ml.prediction_service]  Probabilities: {'Very Weak': 0.08, 'Weak': 0.25, 'Moderate': 0.67, 'Strong': 0.0, 'Excellent': 0.0}
2026-08-05 23:33:23  DEBUG     [ml.prediction_service]  predict() called  features_count=12
2026-08-05 23:33:23  DEBUG     [ml.prediction_service]  Feature validation passed  (12 features)
2026-08-05 23:33:23  INFO      [ml.prediction_service]  Prediction: Moderate      confidence=0.6700  time=148.13 ms
2026-08-05 23:33:23  DEBUG     [ml.prediction_service]  Probabilities: {'Very Weak': 0.08, 'Weak': 0.25, 'Moderate': 0.67, 'Strong': 0.0, 'Excellent': 0.0}
2026-08-05 23:33:23  DEBUG     [ml.prediction_service]  predict() called  features_count=12
2026-08-05 23:33:23  DEBUG     [ml.prediction_service]  Feature validation passed  (12 features)
2026-08-05 23:33:23  INFO      [ml.prediction_service]  Prediction: Moderate      confidence=0.6700  time=130.74 ms
2026-08-05 23:33:23  DEBUG     [ml.prediction_service]  Probabilities: {'Very Weak': 0.08, 'Weak': 0.25, 'Moderate': 0.67, 'Strong': 0.0, 'Excellent': 0.0}
2026-08-05 23:33:23  DEBUG     [ml.prediction_service]  predict() called  features_count=12
2026-08-05 23:33:23  DEBUG     [ml.prediction_service]  Feature validation passed  (12 features)
2026-08-05 23:33:23  INFO      [ml.prediction_service]  Prediction: Moderate      confidence=0.6700  time=139.60 ms
2026-08-05 23:33:23  DEBUG     [ml.prediction_service]  Probabilities: {'Very Weak': 0.08, 'Weak': 0.25, 'Moderate': 0.67, 'Strong': 0.0, 'Excellent': 0.0}
2026-08-05 23:33:23  DEBUG     [ml.prediction_service]  predict() called  features_count=12
2026-08-05 23:33:23  DEBUG     [ml.prediction_service]  Feature validation passed  (12 features)
2026-08-05 23:33:24  INFO      [ml.prediction_service]  Prediction: Moderate      confidence=0.6700  time=126.68 ms
2026-08-05 23:33:24  DEBUG     [ml.prediction_service]  Probabilities: {'Very Weak': 0.08, 'Weak': 0.25, 'Moderate': 0.67, 'Strong': 0.0, 'Excellent': 0.0}
2026-08-05 23:33:24  DEBUG     [ml.prediction_service]  predict() called  features_count=12
2026-08-05 23:33:24  DEBUG     [ml.prediction_service]  Feature validation passed  (12 features)
2026-08-05 23:33:24  INFO      [ml.prediction_service]  Prediction: Moderate      confidence=0.6700  time=141.04 ms
2026-08-05 23:33:24  DEBUG     [ml.prediction_service]  Probabilities: {'Very Weak': 0.08, 'Weak': 0.25, 'Moderate': 0.67, 'Strong': 0.0, 'Excellent': 0.0}
2026-08-05 23:33:24  DEBUG     [ml.prediction_service]  predict() called  features_count=12
2026-08-05 23:33:24  DEBUG     [ml.prediction_service]  Feature validation passed  (12 features)
2026-08-05 23:33:24  INFO      [ml.prediction_service]  Prediction: Moderate      confidence=0.6700  time=127.34 ms
2026-08-05 23:33:24  DEBUG     [ml.prediction_service]  Probabilities: {'Very Weak': 0.08, 'Weak': 0.25, 'Moderate': 0.67, 'Strong': 0.0, 'Excellent': 0.0}
2026-08-05 23:33:24  DEBUG     [ml.prediction_service]  predict() called  features_count=12
2026-08-05 23:33:24  DEBUG     [ml.prediction_service]  Feature validation passed  (12 features)
2026-08-05 23:33:24  INFO      [ml.prediction_service]  Prediction: Moderate      confidence=0.6700  time=165.52 ms
2026-08-05 23:33:24  DEBUG     [ml.prediction_service]  Probabilities: {'Very Weak': 0.08, 'Weak': 0.25, 'Moderate': 0.67, 'Strong': 0.0, 'Excellent': 0.0}
2026-08-05 23:33:24  DEBUG     [ml.prediction_service]  predict() called  features_count=12
2026-08-05 23:33:24  DEBUG     [ml.prediction_service]  Feature validation passed  (12 features)
2026-08-05 23:33:24  INFO      [ml.prediction_service]  Prediction: Moderate      confidence=0.6700  time=151.65 ms
2026-08-05 23:33:24  DEBUG     [ml.prediction_service]  Probabilities: {'Very Weak': 0.08, 'Weak': 0.25, 'Moderate': 0.67, 'Strong': 0.0, 'Excellent': 0.0}
2026-08-05 23:33:24  DEBUG     [ml.prediction_service]  predict() called  features_count=12
2026-08-05 23:33:24  DEBUG     [ml.prediction_service]  Feature validation passed  (12 features)
2026-08-05 23:33:24  INFO      [ml.prediction_service]  Prediction: Moderate      confidence=0.6700  time=161.78 ms
2026-08-05 23:33:24  DEBUG     [ml.prediction_service]  Probabilities: {'Very Weak': 0.08, 'Weak': 0.25, 'Moderate': 0.67, 'Strong': 0.0, 'Excellent': 0.0}
2026-08-05 23:33:24  DEBUG     [ml.prediction_service]  predict() called  features_count=12
2026-08-05 23:33:24  DEBUG     [ml.prediction_service]  Feature validation passed  (12 features)
2026-08-05 23:33:24  INFO      [ml.prediction_service]  Prediction: Moderate      confidence=0.6700  time=143.14 ms
2026-08-05 23:33:24  DEBUG     [ml.prediction_service]  Probabilities: {'Very Weak': 0.08, 'Weak': 0.25, 'Moderate': 0.67, 'Strong': 0.0, 'Excellent': 0.0}
2026-08-05 23:33:24  DEBUG     [ml.prediction_service]  predict() called  features_count=12
2026-08-05 23:33:24  DEBUG     [ml.prediction_service]  Feature validation passed  (12 features)
2026-08-05 23:33:25  INFO      [ml.prediction_service]  Prediction: Moderate      confidence=0.6700  time=142.36 ms
2026-08-05 23:33:25  DEBUG     [ml.prediction_service]  Probabilities: {'Very Weak': 0.08, 'Weak': 0.25, 'Moderate': 0.67, 'Strong': 0.0, 'Excellent': 0.0}
2026-08-05 23:33:25  DEBUG     [ml.prediction_service]  predict() called  features_count=12
2026-08-05 23:33:25  DEBUG     [ml.prediction_service]  Feature validation passed  (12 features)
2026-08-05 23:33:25  INFO      [ml.prediction_service]  Prediction: Moderate      confidence=0.6700  time=153.08 ms
2026-08-05 23:33:25  DEBUG     [ml.prediction_service]  Probabilities: {'Very Weak': 0.08, 'Weak': 0.25, 'Moderate': 0.67, 'Strong': 0.0, 'Excellent': 0.0}
2026-08-05 23:33:25  DEBUG     [ml.prediction_service]  predict() called  features_count=12
2026-08-05 23:33:25  DEBUG     [ml.prediction_service]  Feature validation passed  (12 features)
2026-08-05 23:33:25  INFO      [ml.prediction_service]  Prediction: Moderate      confidence=0.6700  time=151.54 ms
2026-08-05 23:33:25  DEBUG     [ml.prediction_service]  Probabilities: {'Very Weak': 0.08, 'Weak': 0.25, 'Moderate': 0.67, 'Strong': 0.0, 'Excellent': 0.0}
2026-08-05 23:33:25  DEBUG     [ml.prediction_service]  predict() called  features_count=12
2026-08-05 23:33:25  DEBUG     [ml.prediction_service]  Feature validation passed  (12 features)
2026-08-05 23:33:25  INFO      [ml.prediction_service]  Prediction: Moderate      confidence=0.6700  time=142.81 ms
2026-08-05 23:33:25  DEBUG     [ml.prediction_service]  Probabilities: {'Very Weak': 0.08, 'Weak': 0.25, 'Moderate': 0.67, 'Strong': 0.0, 'Excellent': 0.0}
2026-08-05 23:33:25  DEBUG     [ml.prediction_service]  predict() called  features_count=12
2026-08-05 23:33:25  DEBUG     [ml.prediction_service]  Feature validation passed  (12 features)
2026-08-05 23:33:25  INFO      [ml.prediction_service]  Prediction: Moderate      confidence=0.6700  time=141.28 ms
2026-08-05 23:33:25  DEBUG     [ml.prediction_service]  Probabilities: {'Very Weak': 0.08, 'Weak': 0.25, 'Moderate': 0.67, 'Strong': 0.0, 'Excellent': 0.0}
2026-08-05 23:33:25  DEBUG     [ml.prediction_service]  predict() called  features_count=12
2026-08-05 23:33:25  DEBUG     [ml.prediction_service]  Feature validation passed  (12 features)
2026-08-05 23:33:25  INFO      [ml.prediction_service]  Prediction: Moderate      confidence=0.6700  time=129.38 ms
2026-08-05 23:33:25  DEBUG     [ml.prediction_service]  Probabilities: {'Very Weak': 0.08, 'Weak': 0.25, 'Moderate': 0.67, 'Strong': 0.0, 'Excellent': 0.0}
2026-08-05 23:33:25  DEBUG     [ml.prediction_service]  predict() called  features_count=12
2026-08-05 23:33:25  DEBUG     [ml.prediction_service]  Feature validation passed  (12 features)
2026-08-05 23:33:26  INFO      [ml.prediction_service]  Prediction: Moderate      confidence=0.6700  time=151.83 ms
2026-08-05 23:33:26  DEBUG     [ml.prediction_service]  Probabilities: {'Very Weak': 0.08, 'Weak': 0.25, 'Moderate': 0.67, 'Strong': 0.0, 'Excellent': 0.0}
2026-08-05 23:33:26  DEBUG     [ml.prediction_service]  predict() called  features_count=12
2026-08-05 23:33:26  DEBUG     [ml.prediction_service]  Feature validation passed  (12 features)
2026-08-05 23:33:26  INFO      [ml.prediction_service]  Prediction: Moderate      confidence=0.6700  time=143.50 ms
2026-08-05 23:33:26  DEBUG     [ml.prediction_service]  Probabilities: {'Very Weak': 0.08, 'Weak': 0.25, 'Moderate': 0.67, 'Strong': 0.0, 'Excellent': 0.0}
2026-08-05 23:33:26  DEBUG     [ml.prediction_service]  predict() called  features_count=12
2026-08-05 23:33:26  DEBUG     [ml.prediction_service]  Feature validation passed  (12 features)
2026-08-05 23:33:26  INFO      [ml.prediction_service]  Prediction: Moderate      confidence=0.6700  time=152.02 ms
2026-08-05 23:33:26  DEBUG     [ml.prediction_service]  Probabilities: {'Very Weak': 0.08, 'Weak': 0.25, 'Moderate': 0.67, 'Strong': 0.0, 'Excellent': 0.0}
2026-08-05 23:33:26  DEBUG     [ml.prediction_service]  predict() called  features_count=12
2026-08-05 23:33:26  DEBUG     [ml.prediction_service]  Feature validation passed  (12 features)
2026-08-05 23:33:26  INFO      [ml.prediction_service]  Prediction: Moderate      confidence=0.6700  time=150.34 ms
2026-08-05 23:33:26  DEBUG     [ml.prediction_service]  Probabilities: {'Very Weak': 0.08, 'Weak': 0.25, 'Moderate': 0.67, 'Strong': 0.0, 'Excellent': 0.0}
2026-08-05 23:33:26  DEBUG     [ml.prediction_service]  predict() called  features_count=12
2026-08-05 23:33:26  DEBUG     [ml.prediction_service]  Feature validation passed  (12 features)
2026-08-05 23:33:26  INFO      [ml.prediction_service]  Prediction: Moderate      confidence=0.6700  time=153.04 ms
2026-08-05 23:33:26  DEBUG     [ml.prediction_service]  Probabilities: {'Very Weak': 0.08, 'Weak': 0.25, 'Moderate': 0.67, 'Strong': 0.0, 'Excellent': 0.0}
2026-08-05 23:33:26  DEBUG     [ml.prediction_service]  predict() called  features_count=12
2026-08-05 23:33:26  DEBUG     [ml.prediction_service]  Feature validation passed  (12 features)
2026-08-05 23:33:26  INFO      [ml.prediction_service]  Prediction: Moderate      confidence=0.6700  time=146.69 ms
2026-08-05 23:33:26  DEBUG     [ml.prediction_service]  Probabilities: {'Very Weak': 0.08, 'Weak': 0.25, 'Moderate': 0.67, 'Strong': 0.0, 'Excellent': 0.0}
2026-08-05 23:33:26  DEBUG     [ml.prediction_service]  predict() called  features_count=12
2026-08-05 23:33:26  DEBUG     [ml.prediction_service]  Feature validation passed  (12 features)
2026-08-05 23:33:26  INFO      [ml.prediction_service]  Prediction: Moderate      confidence=0.6700  time=144.03 ms
2026-08-05 23:33:26  DEBUG     [ml.prediction_service]  Probabilities: {'Very Weak': 0.08, 'Weak': 0.25, 'Moderate': 0.67, 'Strong': 0.0, 'Excellent': 0.0}
2026-08-05 23:33:26  DEBUG     [ml.prediction_service]  predict() called  features_count=12
2026-08-05 23:33:26  DEBUG     [ml.prediction_service]  Feature validation passed  (12 features)
2026-08-05 23:33:27  INFO      [ml.prediction_service]  Prediction: Moderate      confidence=0.6700  time=144.87 ms
2026-08-05 23:33:27  DEBUG     [ml.prediction_service]  Probabilities: {'Very Weak': 0.08, 'Weak': 0.25, 'Moderate': 0.67, 'Strong': 0.0, 'Excellent': 0.0}
2026-08-05 23:59:53  INFO      [ml.model_loader]  Creating ModelLoader singleton …
2026-08-05 23:59:53  INFO      [ml.model_loader]  =======================================================
2026-08-05 23:59:53  INFO      [ml.model_loader]  ModelLoader: loading artifacts …
2026-08-05 23:59:54  INFO      [ml.model_loader]    Loaded model       ← password_strength_model.pkl  (RandomForestClassifier)
2026-08-05 23:59:54  INFO      [ml.model_loader]    Loaded encoder     ← label_encoder.pkl  (LabelEncoder)
2026-08-05 23:59:54  INFO      [ml.model_loader]    Loaded columns     ← feature_columns.pkl  (feature column list)
2026-08-05 23:59:54  INFO      [ml.model_loader]  ModelLoader: all artifacts loaded  classes=[np.str_('Excellent'), np.str_('Moderate'), np.str_('Strong'), np.str_('Very Weak'), np.str_('Weak')]  n_features=12  n_estimators=100
2026-08-05 23:59:54  INFO      [ml.model_loader]  =======================================================
2026-08-05 23:59:54  INFO      [ml.prediction_service]  PasswordPredictionService ready  n_features=12  classes=[np.str_('Excellent'), np.str_('Moderate'), np.str_('Strong'), np.str_('Very Weak'), np.str_('Weak')]
2026-08-05 23:59:54  DEBUG     [ml.prediction_service]  predict() called  features_count=12
2026-08-05 23:59:54  DEBUG     [ml.prediction_service]  Feature validation passed  (12 features)
2026-08-05 23:59:54  INFO      [ml.prediction_service]  Prediction: Moderate      confidence=0.6700  time=87.64 ms
2026-08-05 23:59:54  DEBUG     [ml.prediction_service]  Probabilities: {'Very Weak': 0.08, 'Weak': 0.25, 'Moderate': 0.67, 'Strong': 0.0, 'Excellent': 0.0}
